// Jest Snapshot v1, https://goo.gl/fbAQLP

exports[`props custom-class 1`] = `
"<div class=\\"nut-signature test\\">
  <div class=\\"nut-signature-inner\\"><canvas height=\\"0\\" width=\\"0\\"></canvas></div>
  <view class=\\"nut-button nut-button--default nut-button--normal nut-button--round nut-signature-btn\\">
    <view class=\\"nut-button__warp\\">
      <!--v-if-->
      <!--v-if-->
      <view class=\\"\\">重签</view>
    </view>
  </view>
  <view class=\\"nut-button nut-button--primary nut-button--normal nut-button--round nut-signature-btn\\">
    <view class=\\"nut-button__warp\\">
      <!--v-if-->
      <!--v-if-->
      <view class=\\"\\">确认</view>
    </view>
  </view>
</div>"
`;
