// Jest Snapshot v1, https://goo.gl/fbAQLP

exports[`should render default slot correctly 1`] = `"<view class=\\"nut-drag\\">Custom Message</view>"`;
