// Jest Snapshot v1, https://goo.gl/fbAQLP

exports[`custon scroll list 1`] = `
"<view class=\\"nut-noticebar\\">
  <!--v-if-->
  <view class=\\"nut-noticebar-vertical\\" style=\\"height: 50px;\\">
    <view class=\\"horseLamp_list\\">
      <div class=\\"custom-item\\" style=\\"height: 50px; line-height: 50px;\\">惊喜红包免费领</div>
      <div class=\\"custom-item\\" style=\\"height: 50px; line-height: 50px;\\">爆款准点秒</div>
      <div class=\\"custom-item\\" style=\\"height: 50px; line-height: 50px;\\">买超值优惠</div>
      <div class=\\"custom-item\\" style=\\"height: 50px; line-height: 50px;\\">赢百万京豆</div>
    </view>
    <view class=\\"go\\">
      <!--v-if-->
    </view>
  </view>
</view>"
`;

exports[`icon custom 1`] = `
"<view class=\\"nut-noticebar\\">
  <view class=\\"nut-noticebar-page\\">
    <view class=\\"left-icon\\" style=\\"background-image: url(https://img13.360buyimg.com/imagetools/jfs/t1/72082/2/3006/1197/5d130c8dE1c71bcd6/e48a3b60804c9775.png);\\">
      <!--v-if-->
    </view>
    <view class=\\"wrap\\">
      <view class=\\"content\\" style=\\"animation-delay: 1s; animation-duration: 0s; transform: translateX(0);\\"><a href=\\"https://www.jd.com\\">京东商城</a></view>
    </view>
    <!--v-if-->
  </view>
  <!--v-if-->
</view>"
`;

exports[`vertical scroll 1`] = `
"<view class=\\"nut-noticebar\\">
  <!--v-if-->
  <view class=\\"nut-noticebar-vertical\\" style=\\"height: 40px;\\">
    <ul class=\\"horseLamp_list\\">
      <li class=\\"horseLamp_list_item\\">惊喜红包免费领</li>
      <li class=\\"horseLamp_list_item\\">爆款准点秒</li>
      <li class=\\"horseLamp_list_item\\">买超值优惠</li>
      <li class=\\"horseLamp_list_item\\">赢百万京豆</li>
    </ul>
    <view class=\\"go\\">
      <!--v-if-->
    </view>
  </view>
</view>"
`;
