// Jest Snapshot v1, https://goo.gl/fbAQLP

exports[`should render Col correctly and should render gutter correctly 1`] = `
"<view class=\\"nut-row-
              nut-row-justify-start
              nut-row-align-flex-start
              nut-row-flex-nowrap
              nut-row\\">
  <view class=\\"nut-col nut-col-gutter nut-col-8 nut-col-offset-0\\" style=\\"padding-left: 3px; padding-right: 3px;\\">8</view>
  <view class=\\"nut-col nut-col-gutter nut-col-8 nut-col-offset-0\\" style=\\"padding-left: 3px; padding-right: 3px;\\">8</view>
  <view class=\\"nut-col nut-col-gutter nut-col-8 nut-col-offset-0\\" style=\\"padding-left: 3px; padding-right: 3px;\\">8</view>
</view>"
`;
