// Jest Snapshot v1, https://goo.gl/fbAQLP

exports[`should render sure actionsheet when use custom props 1`] = `
"<view class=\\"nut-actionsheet\\">
  <view>
    <transition-stub class=\\"\\">
      <view class=\\"nut-overlay\\" style=\\"animation-duration: 0.3s; z-index: 2000;\\"></view>
    </transition-stub>
    <transition-stub>
      <view class=\\"nut-popup round popup-bottom popclass\\" style=\\"z-index: 2000; animation-duration: 0.3s;\\">
        <view class=\\"nut-actionsheet-panel\\">
          <!--v-if-->
          <view>
            <!--v-if-->
            <view class=\\"nut-actionsheet-menu\\">
              <view class=\\"nut-actionsheet-item\\">
                <view>选项一</view>
                <view class=\\"subdesc\\">描述信息</view>
              </view>
            </view>
            <!--v-if-->
          </view>
        </view>
        <!--v-if-->
      </view>
    </transition-stub>
  </view>
</view>"
`;
